chr1	0	197195432
chr2	0	181748087
chr3	0	159599783
chr4	0	155630120
chr5	0	152537259
chr6	0	149517037
chr7	0	152524553
chr8	0	131738871
chr9	0	124076172
chr10	0	129993255
chr11	0	121843856
chr12	0	121257530
chr13	0	120284312
chr14	0	125194864
chr15	0	103494974
chr16	0	98319150
chr17	0	95272651
chr18	0	90772031
chr19	0	9928613
chr19	10120808	13332351
chr19	13346202	13361138
chr19	13412440	13904368
chr19	13935777	13944438
chr19	13944477	13945076
chr19	13945106	13973491
chr19	13975330	14137333
chr19	14142556	14200023
chr19	14200052	14202070
chr19	14202096	14237966
chr19	14274631	14321612
chr19	14501125	14510336
chr19	14522564	14567990
chr19	14632206	14665307
chr19	14677380	14779419
chr19	14877594	15117160
chr19	15151900	15255426
chr19	15358997	16024366
chr19	16174248	16364712
chr19	16901413	17733107
chr19	17743132	17807200
chr19	17887768	17887841
chr19	17907033	18071593
chr19	18113574	18195450
chr19	18561558	18563560
chr19	18697844	18855455
chr19	19054001	21036784
chr19	21097287	21292503
chr19	21833085	22041175
chr19	22091604	22303349
chr19	22392649	22392806
chr19	22410718	22462158
chr19	22462605	24722924
chr19	24784492	25134734
chr19	25351923	25680009
chr19	25725884	25856312
chr19	25869344	25879838
chr19	25901672	25933459
chr19	26009106	26018661
chr19	26066642	26174731
chr19	26465003	26760398
chr19	26867452	27130476
chr19	27139599	27212111
chr19	27260703	27653075
chr19	27742769	28307571
chr19	28317143	28342603
chr19	28522857	28833510
chr19	28834547	29166383
chr19	29179564	29222336
chr19	29287095	29299950
chr19	29313554	29318808
chr19	29348678	29350518
chr19	29367881	29371824
chr19	29470073	29487671
chr19	29582396	29593090
chr19	29656086	29831124
chr19	30234153	30460131
chr19	30460806	30508200
chr19	30510189	30575497
chr19	30577147	30583333
chr19	30583703	30613320
chr19	30614478	30631201
chr19	30631883	30642587
chr19	30642795	30665579
chr19	30666428	30690262
chr19	30691009	30719581
chr19	30720101	30724464
chr19	30724947	30734516
chr19	30734969	30774234
chr19	30774507	30781379
chr19	30781538	30785652
chr19	30786146	30791044
chr19	30791299	30796060
chr19	30796279	30835724
chr19	30836052	30855287
chr19	30855479	30886629
chr19	30887245	30892875
chr19	30893064	30895310
chr19	30895457	30907875
chr19	30908094	30910644
chr19	30910815	30929453
chr19	30929651	30937053
chr19	30937326	31041139
chr19	31041391	31049327
chr19	31049567	31106885
chr19	31107441	31174834
chr19	31175745	31332348
chr19	31332666	31412606
chr19	31854471	31948741
chr19	31953684	31953805
chr19	31963114	31965417
chr19	32026133	32167498
chr19	32298248	32562400
chr19	32573247	32585994
chr19	32687021	32706622
chr19	32809568	32866419
chr19	32870062	32870732
chr19	32906537	32922943
chr19	33022148	33022296
chr19	33066040	33066281
chr19	33107876	33320108
chr19	33323370	33364442
chr19	33366596	33459786
chr19	33464411	33524100
chr19	33591390	33619083
chr19	33653998	33697071
chr19	33774151	33782107
chr19	33785893	33798141
chr19	33837065	33837219
chr19	34210028	34225295
chr19	34265357	34367692
chr19	34437204	34474917
chr19	34484090	34658192
chr19	34665310	34669618
chr19	34696944	34712882
chr19	34718134	34740857
chr19	34806443	34810653
chr19	34909252	34963557
chr19	35012389	35040013
chr19	35079036	35081967
chr19	36278917	36328708
chr19	36373557	36425934
chr19	36450475	36458708
chr19	36588442	36614375
chr19	36670814	36679558
chr19	36710995	36754789
chr19	36870737	36993860
chr19	37044088	37045058
chr19	37284373	37300319
chr19	37313828	37359533
chr19	37367328	37367440
chr19	37497278	37502673
chr19	37515910	37517595
chr19	37561703	37661728
chr19	37809549	37901635
chr19	37904535	37918656
chr19	38210566	38348182
chr19	38415324	38415436
chr19	38450474	38500119
chr19	38502606	38550533
chr19	38595616	38661052
chr19	38955488	39032820
chr19	39067271	39099100
chr19	39118748	39171084
chr19	39232223	39469253
chr19	39477310	39479273
chr19	39607426	39636110
chr19	39643140	39674139
chr19	39691486	39699639
chr19	39739601	39739666
chr19	39809303	39850238
chr19	39956685	40021551
chr19	40024477	40039203
chr19	40095893	40161216
chr19	40223192	40306212
chr19	41140909	41435296
chr19	41441861	41461597
chr19	41570394	41598067
chr19	41651524	41655819
chr19	41702739	41714311
chr19	41753008	41758350
chr19	41824913	42004748
chr19	42009004	42009664
chr19	42010809	42032597
chr19	42060318	42091453
chr19	42172660	42178287
chr19	42247068	42280008
chr19	42303565	42356136
chr19	42436174	42492867
chr19	42590423	42592172
chr19	42593987	42605231
chr19	42608775	42639535
chr19	42644176	42655459
chr19	42659713	42665067
chr19	42689269	42697087
chr19	42740843	42765665
chr19	42874619	42892458
chr19	42908237	42941483
chr19	42944423	42946930
chr19	43068687	43136272
chr19	43172747	43186446
chr19	43202842	43209994
chr19	43218800	43267711
chr19	43326757	43346369
chr19	43369493	43386134
chr19	43400757	43462209
chr19	43465982	43658826
chr19	43671430	43694331
chr19	43698210	43706401
chr19	43722531	43773499
chr19	43903802	43903859
chr19	43940388	43963405
chr19	44006616	44018258
chr19	44020687	44033845
chr19	44048411	44050068
chr19	44056876	44109543
chr19	44231903	44256633
chr19	44350860	44351635
chr19	44375491	44377921
chr19	44390033	44471149
chr19	44485262	44490650
chr19	44506527	44530190
chr19	44542530	44544357
chr19	44571684	44573254
chr19	44583713	44594473
chr19	44687392	44699820
chr19	44703167	44722649
chr19	44722699	44728608
chr19	44728644	44737584
chr19	44737655	44742202
chr19	44955923	45013382
chr19	45046166	45049959
chr19	45062472	45093940
chr19	45118169	45130296
chr19	45174016	45177156
chr19	45184188	45184382
chr19	45221316	45235614
chr19	45238429	45243556
chr19	45249070	45318942
chr19	45470902	45478694
chr19	45503073	45508270
chr19	45532239	45532394
chr19	45536081	45539291
chr19	45541696	45649524
chr19	45788753	45837995
chr19	45841691	45877516
chr19	45878815	45888110
chr19	46186795	46226090
chr19	46249391	46281393
chr19	46283633	46342460
chr19	46377191	46380603
chr19	46399909	46405497
chr19	46428729	46432787
chr19	46473119	46473585
chr19	46529664	46530694
chr19	46542093	46544772
chr19	46568213	46568463
chr19	46690110	46699327
chr19	46703021	46703317
chr19	46813028	46842958
chr19	46849463	46879954
chr19	46909291	61342430
chrX	0	166650296
chrY	0	15902555
chrM	0	16299
chr13_random	0	400311
chr16_random	0	3994
chr17_random	0	628739
chr1_random	0	1231697
chr3_random	0	41899
chr4_random	0	160594
chr5_random	0	357350
chr7_random	0	362490
chr8_random	0	849593
chr9_random	0	449403
chrUn_random	0	5900358
chrX_random	0	1785075
chrY_random	0	58682461
